// Jest Snapshot v1, https://goo.gl/fbAQLP

exports[`matches expected snapshot 1`] = `
<DocumentFragment>
  <div
    class="MuiContainer-root Headlines MuiContainer-maxWidthLg"
    data-testid="headlines"
  >
    <div
      class="MuiPaper-root MuiTableContainer-root MuiPaper-elevation1 MuiPaper-rounded"
    >
      <table
        aria-label="customized table"
        class="MuiTable-root table"
      >
        <thead
          class="MuiTableHead-root"
        >
          <tr
            class="MuiTableRow-root MuiTableRow-head"
          >
            <th
              class="MuiTableCell-root MuiTableCell-head MuiTableCell-alignCenter"
              scope="col"
            >
               
            </th>
            <th
              class="MuiTableCell-root MuiTableCell-head MuiTableCell-alignCenter"
              scope="col"
            >
              Title
            </th>
            <th
              class="MuiTableCell-root MuiTableCell-head MuiTableCell-alignCenter"
              scope="col"
            >
              Author
            </th>
            <th
              class="MuiTableCell-root MuiTableCell-head MuiTableCell-alignCenter"
              scope="col"
            >
              Date
            </th>
          </tr>
        </thead>
        <tbody
          class="MuiTableBody-root"
        >
          <tr
            class="MuiTableRow-root"
          >
            <td
              class="MuiTableCell-root MuiTableCell-body MuiTableCell-alignCenter"
            />
            <td
              class="MuiTableCell-root MuiTableCell-body MuiTableCell-alignLeft"
            >
              Instacart makes more changes ahead of planned worker strike  CNN
            </td>
            <td
              class="MuiTableCell-root MuiTableCell-body MuiTableCell-alignLeft"
            >
              Sara Ashley O'Brien, CNN Business
            </td>
            <td
              class="MuiTableCell-root MuiTableCell-body MuiTableCell-alignCenter"
            >
              20200329T21:44:16Z
            </td>
          </tr>
          <tr
            class="MuiTableRow-root"
          >
            <td
              class="MuiTableCell-root MuiTableCell-body MuiTableCell-alignCenter"
            />
            <td
              class="MuiTableCell-root MuiTableCell-body MuiTableCell-alignLeft"
            >
              Coronavirus deaths fall again in Italy but lockdown extension looms  New York Post 
            </td>
            <td
              class="MuiTableCell-root MuiTableCell-body MuiTableCell-alignLeft"
            >
              Reuters
            </td>
            <td
              class="MuiTableCell-root MuiTableCell-body MuiTableCell-alignCenter"
            >
              20200329T21:31:32Z
            </td>
          </tr>
          <tr
            class="MuiTableRow-root"
          >
            <td
              class="MuiTableCell-root MuiTableCell-body MuiTableCell-alignCenter"
            />
            <td
              class="MuiTableCell-root MuiTableCell-body MuiTableCell-alignLeft"
            >
              Cuomo: No one is going to treat New York 'unfairly' over coronavirus  CNN
            </td>
            <td
              class="MuiTableCell-root MuiTableCell-body MuiTableCell-alignLeft"
            >
              Chandelis Duster, CNN
            </td>
            <td
              class="MuiTableCell-root MuiTableCell-body MuiTableCell-alignCenter"
            >
              20200329T21:12:58Z
            </td>
          </tr>
          <tr
            class="MuiTableRow-root"
          >
            <td
              class="MuiTableCell-root MuiTableCell-body MuiTableCell-alignCenter"
            />
            <td
              class="MuiTableCell-root MuiTableCell-body MuiTableCell-alignLeft"
            >
              The Original Nier Is Returning To Consoles As Nier Replicant Ver. 1.22474487139  GameSpot
            </td>
            <td
              class="MuiTableCell-root MuiTableCell-body MuiTableCell-alignLeft"
            >
              Justin Clark
            </td>
            <td
              class="MuiTableCell-root MuiTableCell-body MuiTableCell-alignCenter"
            >
              20200329T20:58:00Z
            </td>
          </tr>
          <tr
            class="MuiTableRow-root"
          >
            <td
              class="MuiTableCell-root MuiTableCell-body MuiTableCell-alignCenter"
            />
            <td
              class="MuiTableCell-root MuiTableCell-body MuiTableCell-alignLeft"
            >
              Timmy Hill wins virtual Texas NASCAR race  Fox News
            </td>
            <td
              class="MuiTableCell-root MuiTableCell-body MuiTableCell-alignLeft"
            >
              Associated Press
            </td>
            <td
              class="MuiTableCell-root MuiTableCell-body MuiTableCell-alignCenter"
            >
              20200329T20:44:10Z
            </td>
          </tr>
          <tr
            class="MuiTableRow-root"
          >
            <td
              class="MuiTableCell-root MuiTableCell-body MuiTableCell-alignCenter"
            />
            <td
              class="MuiTableCell-root MuiTableCell-body MuiTableCell-alignLeft"
            >
              Joe Diffie, ’90s Country Music Star, Dies of Coronavirus at 61  Variety
            </td>
            <td
              class="MuiTableCell-root MuiTableCell-body MuiTableCell-alignLeft"
            >
              Chris Willman
            </td>
            <td
              class="MuiTableCell-root MuiTableCell-body MuiTableCell-alignCenter"
            >
              20200329T20:23:20Z
            </td>
          </tr>
          <tr
            class="MuiTableRow-root"
          >
            <td
              class="MuiTableCell-root MuiTableCell-body MuiTableCell-alignCenter"
            />
            <td
              class="MuiTableCell-root MuiTableCell-body MuiTableCell-alignLeft"
            >
              California Governor says US government sent 170 'broken' ventilators  Business Insider  Business Insider
            </td>
            <td
              class="MuiTableCell-root MuiTableCell-body MuiTableCell-alignLeft"
            >
              Paulina Cachero
            </td>
            <td
              class="MuiTableCell-root MuiTableCell-body MuiTableCell-alignCenter"
            >
              20200329T20:20:15Z
            </td>
          </tr>
          <tr
            class="MuiTableRow-root"
          >
            <td
              class="MuiTableCell-root MuiTableCell-body MuiTableCell-alignCenter"
            />
            <td
              class="MuiTableCell-root MuiTableCell-body MuiTableCell-alignLeft"
            >
              'Grim Sleeper' serial killer Lonnie Franklin dies on death row  Los Angeles Times
            </td>
            <td
              class="MuiTableCell-root MuiTableCell-body MuiTableCell-alignLeft"
            >
              Joseph Serna
            </td>
            <td
              class="MuiTableCell-root MuiTableCell-body MuiTableCell-alignCenter"
            >
              20200329T20:19:36Z
            </td>
          </tr>
          <tr
            class="MuiTableRow-root"
          >
            <td
              class="MuiTableCell-root MuiTableCell-body MuiTableCell-alignCenter"
            />
            <td
              class="MuiTableCell-root MuiTableCell-body MuiTableCell-alignLeft"
            >
              Trump tells Prince Harry, Meghan Markle 'they must pay' for security amid reported move to US  Fox News
            </td>
            <td
              class="MuiTableCell-root MuiTableCell-body MuiTableCell-alignLeft"
            >
              Joseph Wulfsohn
            </td>
            <td
              class="MuiTableCell-root MuiTableCell-body MuiTableCell-alignCenter"
            >
              20200329T20:02:40Z
            </td>
          </tr>
          <tr
            class="MuiTableRow-root"
          >
            <td
              class="MuiTableCell-root MuiTableCell-body MuiTableCell-alignCenter"
            />
            <td
              class="MuiTableCell-root MuiTableCell-body MuiTableCell-alignLeft"
            >
              CBS mourns longtime journalist Maria Mercader, who died at 54 from coronavirus  USA TODAY
            </td>
            <td
              class="MuiTableCell-root MuiTableCell-body MuiTableCell-alignLeft"
            >
              Hannah Yasharoff
            </td>
            <td
              class="MuiTableCell-root MuiTableCell-body MuiTableCell-alignCenter"
            >
              20200329T19:50:39Z
            </td>
          </tr>
          <tr
            class="MuiTableRow-root"
          >
            <td
              class="MuiTableCell-root MuiTableCell-body MuiTableCell-alignCenter"
            />
            <td
              class="MuiTableCell-root MuiTableCell-body MuiTableCell-alignLeft"
            >
              Man in his 90s dies of coronavirus after outbreak at Mount Airy nursing home, Carroll Co. officials say  Baltimore Sun
            </td>
            <td
              class="MuiTableCell-root MuiTableCell-body MuiTableCell-alignLeft"
            >
              Jessica Anderson
            </td>
            <td
              class="MuiTableCell-root MuiTableCell-body MuiTableCell-alignCenter"
            >
              20200329T19:40:58Z
            </td>
          </tr>
          <tr
            class="MuiTableRow-root"
          >
            <td
              class="MuiTableCell-root MuiTableCell-body MuiTableCell-alignCenter"
            />
            <td
              class="MuiTableCell-root MuiTableCell-body MuiTableCell-alignLeft"
            >
              Southeast Michigan mall owner Taubman requires tenants to pay rent amid closures  WDIV ClickOnDetroit
            </td>
            <td
              class="MuiTableCell-root MuiTableCell-body MuiTableCell-alignLeft"
            >
              Cassidy Johncox
            </td>
            <td
              class="MuiTableCell-root MuiTableCell-body MuiTableCell-alignCenter"
            >
              20200329T19:33:59Z
            </td>
          </tr>
          <tr
            class="MuiTableRow-root"
          >
            <td
              class="MuiTableCell-root MuiTableCell-body MuiTableCell-alignCenter"
            />
            <td
              class="MuiTableCell-root MuiTableCell-body MuiTableCell-alignLeft"
            >
              Trump boasts White House briefing ratings in attack of 'Lamestream Media'  New York Post 
            </td>
            <td
              class="MuiTableCell-root MuiTableCell-body MuiTableCell-alignLeft"
            >
              Mark Moore
            </td>
            <td
              class="MuiTableCell-root MuiTableCell-body MuiTableCell-alignCenter"
            >
              20200329T19:32:43Z
            </td>
          </tr>
          <tr
            class="MuiTableRow-root"
          >
            <td
              class="MuiTableCell-root MuiTableCell-body MuiTableCell-alignCenter"
            />
            <td
              class="MuiTableCell-root MuiTableCell-body MuiTableCell-alignLeft"
            >
              Coronavirus Closures Helped Jonesboro Avoid Deaths, More Injuries From Tornado  Getaka.co.in
            </td>
            <td
              class="MuiTableCell-root MuiTableCell-body MuiTableCell-alignLeft"
            />
            <td
              class="MuiTableCell-root MuiTableCell-body MuiTableCell-alignCenter"
            >
              20200329T19:29:42Z
            </td>
          </tr>
          <tr
            class="MuiTableRow-root"
          >
            <td
              class="MuiTableCell-root MuiTableCell-body MuiTableCell-alignCenter"
            />
            <td
              class="MuiTableCell-root MuiTableCell-body MuiTableCell-alignLeft"
            >
              Latest OnePlus 8 leaks reveal “Interstellar Glow” and other colors  The Verge
            </td>
            <td
              class="MuiTableCell-root MuiTableCell-body MuiTableCell-alignLeft"
            >
              Kim Lyons
            </td>
            <td
              class="MuiTableCell-root MuiTableCell-body MuiTableCell-alignCenter"
            >
              20200329T19:15:16Z
            </td>
          </tr>
          <tr
            class="MuiTableRow-root"
          >
            <td
              class="MuiTableCell-root MuiTableCell-body MuiTableCell-alignCenter"
            />
            <td
              class="MuiTableCell-root MuiTableCell-body MuiTableCell-alignLeft"
            >
              Lions agree to terms with former Packers wide receiver Geronimo Allison, per report  CBS Sports
            </td>
            <td
              class="MuiTableCell-root MuiTableCell-body MuiTableCell-alignLeft"
            />
            <td
              class="MuiTableCell-root MuiTableCell-body MuiTableCell-alignCenter"
            >
              20200329T19:08:54Z
            </td>
          </tr>
          <tr
            class="MuiTableRow-root"
          >
            <td
              class="MuiTableCell-root MuiTableCell-body MuiTableCell-alignCenter"
            />
            <td
              class="MuiTableCell-root MuiTableCell-body MuiTableCell-alignLeft"
            >
              Fauci predicts up to 200,000 U.S. deaths as Trump weighs adjusting coronavirus guidelines. Here is what you should know.  USA TODAY
            </td>
            <td
              class="MuiTableCell-root MuiTableCell-body MuiTableCell-alignLeft"
            >
              John Fritze
            </td>
            <td
              class="MuiTableCell-root MuiTableCell-body MuiTableCell-alignCenter"
            >
              20200329T18:53:42Z
            </td>
          </tr>
          <tr
            class="MuiTableRow-root"
          >
            <td
              class="MuiTableCell-root MuiTableCell-body MuiTableCell-alignCenter"
            />
            <td
              class="MuiTableCell-root MuiTableCell-body MuiTableCell-alignLeft"
            >
              Britain’s Creaking National Health System Gears Up for Coronavirus Crisis  The Wall Street Journal
            </td>
            <td
              class="MuiTableCell-root MuiTableCell-body MuiTableCell-alignLeft"
            >
              Max Colchester, Alistair MacDonald
            </td>
            <td
              class="MuiTableCell-root MuiTableCell-body MuiTableCell-alignCenter"
            >
              20200329T18:35:00Z
            </td>
          </tr>
          <tr
            class="MuiTableRow-root"
          >
            <td
              class="MuiTableCell-root MuiTableCell-body MuiTableCell-alignCenter"
            />
            <td
              class="MuiTableCell-root MuiTableCell-body MuiTableCell-alignLeft"
            >
              Artist transforms Uptown tiger into 'Tiger King' portrait of Joe Exotic  TribLIVE
            </td>
            <td
              class="MuiTableCell-root MuiTableCell-body MuiTableCell-alignLeft"
            >
              Patrick Varine
            </td>
            <td
              class="MuiTableCell-root MuiTableCell-body MuiTableCell-alignCenter"
            >
              20200329T18:29:14Z
            </td>
          </tr>
          <tr
            class="MuiTableRow-root"
          >
            <td
              class="MuiTableCell-root MuiTableCell-body MuiTableCell-alignCenter"
            />
            <td
              class="MuiTableCell-root MuiTableCell-body MuiTableCell-alignLeft"
            >
              4 things you need to understand about edge computing  VentureBeat
            </td>
            <td
              class="MuiTableCell-root MuiTableCell-body MuiTableCell-alignLeft"
            >
              James Falkoff, Converge
            </td>
            <td
              class="MuiTableCell-root MuiTableCell-body MuiTableCell-alignCenter"
            >
              20200329T17:29:10Z
            </td>
          </tr>
        </tbody>
      </table>
    </div>
     
  </div>
</DocumentFragment>
`;
