// Jest Snapshot v1, https://goo.gl/fbAQLP

exports[`matches expected snapshot 1`] = `
<DocumentFragment>
  <div
    class="MuiContainer-root Headlines MuiContainer-maxWidthLg"
    data-testid="headlines"
  >
    <div
      class="MuiPaper-root MuiTableContainer-root MuiPaper-elevation1 MuiPaper-rounded"
    >
      <table
        aria-label="customized table"
        class="MuiTable-root table"
      >
        <thead
          class="MuiTableHead-root"
        >
          <tr
            class="MuiTableRow-root MuiTableRow-head"
          >
            <th
              class="MuiTableCell-root MuiTableCell-head MuiTableCell-alignCenter"
              scope="col"
            >
               
            </th>
            <th
              class="MuiTableCell-root MuiTableCell-head MuiTableCell-alignCenter"
              scope="col"
            >
              Title
            </th>
            <th
              class="MuiTableCell-root MuiTableCell-head MuiTableCell-alignCenter"
              scope="col"
            >
              Author
            </th>
            <th
              class="MuiTableCell-root MuiTableCell-head MuiTableCell-alignCenter"
              scope="col"
            >
              Date
            </th>
            <th
              class="MuiTableCell-root MuiTableCell-head MuiTableCell-alignCenter"
              scope="col"
            >
               
            </th>
          </tr>
        </thead>
        <tbody
          class="MuiTableBody-root"
        />
      </table>
    </div>
     
  </div>
</DocumentFragment>
`;
