// Jest Snapshot v1, https://goo.gl/fbAQLP

exports[`matches expected snapshot 1`] = `
<DocumentFragment>
  <div
    class="MuiContainer-root Headlines MuiContainer-maxWidthLg"
    data-testid="headlines"
  >
    <div
      class="MuiPaper-root MuiTableContainer-root MuiPaper-elevation1 MuiPaper-rounded"
    >
      <table
        aria-label="customized table"
        class="MuiTable-root table"
      >
        <thead
          class="MuiTableHead-root"
        >
          <tr
            class="MuiTableRow-root MuiTableRow-head"
          >
            <th
              class="MuiTableCell-root MuiTableCell-head MuiTableCell-alignCenter"
              scope="col"
            >
               
            </th>
            <th
              class="MuiTableCell-root MuiTableCell-head MuiTableCell-alignCenter"
              scope="col"
            >
              Title
            </th>
            <th
              class="MuiTableCell-root MuiTableCell-head MuiTableCell-alignCenter"
              scope="col"
            >
              Author
            </th>
            <th
              class="MuiTableCell-root MuiTableCell-head MuiTableCell-alignCenter"
              scope="col"
            >
              Date
            </th>
            <th
              class="MuiTableCell-root MuiTableCell-head MuiTableCell-alignCenter"
              scope="col"
            >
               
            </th>
          </tr>
        </thead>
        <tbody
          class="MuiTableBody-root"
        >
          <tr
            class="MuiTableRow-root"
          >
            <td
              class="MuiTableCell-root MuiTableCell-body MuiTableCell-alignCenter"
            >
              <div
                class="MuiPaper-root HeadlineImage MuiPaper-elevation3"
              >
                <img
                  alt="As some Instacart workers prepare to strike Monday, the company is making more updates in a bid to appease them."
                  src="https://cdn.cnn.com/cnnnext/dam/assets/200323132443instacartdoordeliverysupertease.jpg"
                  width="100"
                />
              </div>
            </td>
            <td
              aria-label="As some Instacart workers prepare to strike Monday, the company is making more updates in a bid to appease them. "
              class="MuiTableCell-root MuiTableCell-body MuiTableCell-alignLeft"
              title="As some Instacart workers prepare to strike Monday, the company is making more updates in a bid to appease them. "
            >
              Instacart makes more changes ahead of planned worker strike  CNN
            </td>
            <td
              class="MuiTableCell-root MuiTableCell-body MuiTableCell-alignLeft"
            >
              Sara Ashley O'Brien, CNN Business
            </td>
            <td
              class="MuiTableCell-root MuiTableCell-body MuiTableCell-alignCenter"
            >
              Mar 29 2:44p
            </td>
            <td
              class="MuiTableCell-root MuiTableCell-body MuiTableCell-alignCenter"
            >
               
              <button
                aria-label="Read More about As some Instacart workers prepare to strike Monday, the company is making more updates in a bid to appease them."
                class="MuiButtonBase-root MuiIconButton-root MuiIconButton-colorInherit"
                tabindex="0"
                type="button"
              >
                <span
                  class="MuiIconButton-label"
                >
                  <svg
                    aria-hidden="true"
                    class="MuiSvgIcon-root"
                    focusable="false"
                    viewBox="0 0 24 24"
                  >
                    <path
                      d="M14 2H6c-1.1 0-1.99.9-1.99 2L4 20c0 1.1.89 2 1.99 2H18c1.1 0 2-.9 2-2V8l-6-6zm2 16H8v-2h8v2zm0-4H8v-2h8v2zm-3-5V3.5L18.5 9H13z"
                    />
                  </svg>
                </span>
                <span
                  class="MuiTouchRipple-root"
                />
              </button>
            </td>
          </tr>
          <tr
            class="MuiTableRow-root"
          >
            <td
              class="MuiTableCell-root MuiTableCell-body MuiTableCell-alignCenter"
            >
              <div
                class="MuiPaper-root HeadlineImage MuiPaper-elevation3"
              >
                <img
                  alt="ROME — The number of deaths from coronavirus in Italy fell for the second consecutive day on Sunday but the country still looked almost certain to see an extension of stringent containment me…"
                  src="https://thenypost.files.wordpress.com/2020/03/italyhospital.jpg?quality=90&strip=all&w=1200"
                  width="100"
                />
              </div>
            </td>
            <td
              aria-label="ROME — The number of deaths from coronavirus in Italy fell for the second consecutive day on Sunday but the country still looked almost certain to see an extension of stringent containment me… "
              class="MuiTableCell-root MuiTableCell-body MuiTableCell-alignLeft"
              title="ROME — The number of deaths from coronavirus in Italy fell for the second consecutive day on Sunday but the country still looked almost certain to see an extension of stringent containment me… "
            >
              Coronavirus deaths fall again in Italy but lockdown extension looms  New York Post 
            </td>
            <td
              class="MuiTableCell-root MuiTableCell-body MuiTableCell-alignLeft"
            >
              Reuters
            </td>
            <td
              class="MuiTableCell-root MuiTableCell-body MuiTableCell-alignCenter"
            >
              Mar 29 2:31p
            </td>
            <td
              class="MuiTableCell-root MuiTableCell-body MuiTableCell-alignCenter"
            >
               
              <button
                aria-label="Read More about ROME — The number of deaths from coronavirus in Italy fell for the second consecutive day on Sunday but the country still looked almost certain to see an extension of stringent containment me…"
                class="MuiButtonBase-root MuiIconButton-root MuiIconButton-colorInherit"
                tabindex="0"
                type="button"
              >
                <span
                  class="MuiIconButton-label"
                >
                  <svg
                    aria-hidden="true"
                    class="MuiSvgIcon-root"
                    focusable="false"
                    viewBox="0 0 24 24"
                  >
                    <path
                      d="M14 2H6c-1.1 0-1.99.9-1.99 2L4 20c0 1.1.89 2 1.99 2H18c1.1 0 2-.9 2-2V8l-6-6zm2 16H8v-2h8v2zm0-4H8v-2h8v2zm-3-5V3.5L18.5 9H13z"
                    />
                  </svg>
                </span>
                <span
                  class="MuiTouchRipple-root"
                />
              </button>
            </td>
          </tr>
          <tr
            class="MuiTableRow-root"
          >
            <td
              class="MuiTableCell-root MuiTableCell-body MuiTableCell-alignCenter"
            >
              <div
                class="MuiPaper-root HeadlineImage MuiPaper-elevation3"
              >
                <img
                  alt="Gov. Andrew Cuomo had a message for the nation on Sunday: Although New York has become the epicenter of the Covid19 outbreak, no one will treat the state \\"unfairly\\" over coronavirus."
                  src="https://cdn.cnn.com/cnnnext/dam/assets/200327135746governorcuomo3272020supertease.jpg"
                  width="100"
                />
              </div>
            </td>
            <td
              aria-label="Gov. Andrew Cuomo had a message for the nation on Sunday: Although New York has become the epicenter of the Covid19 outbreak, no one will treat the state \\"unfairly\\" over coronavirus. "
              class="MuiTableCell-root MuiTableCell-body MuiTableCell-alignLeft"
              title="Gov. Andrew Cuomo had a message for the nation on Sunday: Although New York has become the epicenter of the Covid19 outbreak, no one will treat the state \\"unfairly\\" over coronavirus. "
            >
              Cuomo: No one is going to treat New York 'unfairly' over coronavirus  CNN
            </td>
            <td
              class="MuiTableCell-root MuiTableCell-body MuiTableCell-alignLeft"
            >
              Chandelis Duster, CNN
            </td>
            <td
              class="MuiTableCell-root MuiTableCell-body MuiTableCell-alignCenter"
            >
              Mar 29 2:12p
            </td>
            <td
              class="MuiTableCell-root MuiTableCell-body MuiTableCell-alignCenter"
            >
               
              <button
                aria-label="Read More about Gov. Andrew Cuomo had a message for the nation on Sunday: Although New York has become the epicenter of the Covid19 outbreak, no one will treat the state \\"unfairly\\" over coronavirus."
                class="MuiButtonBase-root MuiIconButton-root MuiIconButton-colorInherit"
                tabindex="0"
                type="button"
              >
                <span
                  class="MuiIconButton-label"
                >
                  <svg
                    aria-hidden="true"
                    class="MuiSvgIcon-root"
                    focusable="false"
                    viewBox="0 0 24 24"
                  >
                    <path
                      d="M14 2H6c-1.1 0-1.99.9-1.99 2L4 20c0 1.1.89 2 1.99 2H18c1.1 0 2-.9 2-2V8l-6-6zm2 16H8v-2h8v2zm0-4H8v-2h8v2zm-3-5V3.5L18.5 9H13z"
                    />
                  </svg>
                </span>
                <span
                  class="MuiTouchRipple-root"
                />
              </button>
            </td>
          </tr>
          <tr
            class="MuiTableRow-root"
          >
            <td
              class="MuiTableCell-root MuiTableCell-body MuiTableCell-alignCenter"
            >
              <div
                class="MuiPaper-root HeadlineImage MuiPaper-elevation3"
              >
                <img
                  alt="The original Nier Is set to rerelease on PC, PS4, Xbox One with some big upgrades."
                  src="https://gamespot1.cbsistatic.com/uploads/screen_kubrick/1544/15449755/3647866nierrep.jpg"
                  width="100"
                />
              </div>
            </td>
            <td
              aria-label="The original Nier Is set to rerelease on PC, PS4, Xbox One with some big upgrades. "
              class="MuiTableCell-root MuiTableCell-body MuiTableCell-alignLeft"
              title="The original Nier Is set to rerelease on PC, PS4, Xbox One with some big upgrades. "
            >
              The Original Nier Is Returning To Consoles As Nier Replicant Ver. 1.22474487139  GameSpot
            </td>
            <td
              class="MuiTableCell-root MuiTableCell-body MuiTableCell-alignLeft"
            >
              Justin Clark
            </td>
            <td
              class="MuiTableCell-root MuiTableCell-body MuiTableCell-alignCenter"
            >
              Mar 29 1:58p
            </td>
            <td
              class="MuiTableCell-root MuiTableCell-body MuiTableCell-alignCenter"
            >
               
              <button
                aria-label="Read More about The original Nier Is set to rerelease on PC, PS4, Xbox One with some big upgrades."
                class="MuiButtonBase-root MuiIconButton-root MuiIconButton-colorInherit"
                tabindex="0"
                type="button"
              >
                <span
                  class="MuiIconButton-label"
                >
                  <svg
                    aria-hidden="true"
                    class="MuiSvgIcon-root"
                    focusable="false"
                    viewBox="0 0 24 24"
                  >
                    <path
                      d="M14 2H6c-1.1 0-1.99.9-1.99 2L4 20c0 1.1.89 2 1.99 2H18c1.1 0 2-.9 2-2V8l-6-6zm2 16H8v-2h8v2zm0-4H8v-2h8v2zm-3-5V3.5L18.5 9H13z"
                    />
                  </svg>
                </span>
                <span
                  class="MuiTouchRipple-root"
                />
              </button>
            </td>
          </tr>
          <tr
            class="MuiTableRow-root"
          >
            <td
              class="MuiTableCell-root MuiTableCell-body MuiTableCell-alignCenter"
            >
              <div
                class="MuiPaper-root HeadlineImage MuiPaper-elevation3"
              >
                <img
                  alt="The stars came out in Texas."
                  src="https://static.foxnews.com/foxnews.com/content/uploads/2020/03/timmy.jpg"
                  width="100"
                />
              </div>
            </td>
            <td
              aria-label="The stars came out in Texas. "
              class="MuiTableCell-root MuiTableCell-body MuiTableCell-alignLeft"
              title="The stars came out in Texas. "
            >
              Timmy Hill wins virtual Texas NASCAR race  Fox News
            </td>
            <td
              class="MuiTableCell-root MuiTableCell-body MuiTableCell-alignLeft"
            >
              Associated Press
            </td>
            <td
              class="MuiTableCell-root MuiTableCell-body MuiTableCell-alignCenter"
            >
              Mar 29 1:44p
            </td>
            <td
              class="MuiTableCell-root MuiTableCell-body MuiTableCell-alignCenter"
            >
               
              <button
                aria-label="Read More about The stars came out in Texas."
                class="MuiButtonBase-root MuiIconButton-root MuiIconButton-colorInherit"
                tabindex="0"
                type="button"
              >
                <span
                  class="MuiIconButton-label"
                >
                  <svg
                    aria-hidden="true"
                    class="MuiSvgIcon-root"
                    focusable="false"
                    viewBox="0 0 24 24"
                  >
                    <path
                      d="M14 2H6c-1.1 0-1.99.9-1.99 2L4 20c0 1.1.89 2 1.99 2H18c1.1 0 2-.9 2-2V8l-6-6zm2 16H8v-2h8v2zm0-4H8v-2h8v2zm-3-5V3.5L18.5 9H13z"
                    />
                  </svg>
                </span>
                <span
                  class="MuiTouchRipple-root"
                />
              </button>
            </td>
          </tr>
          <tr
            class="MuiTableRow-root"
          >
            <td
              class="MuiTableCell-root MuiTableCell-body MuiTableCell-alignCenter"
            >
              <div
                class="MuiPaper-root HeadlineImage MuiPaper-elevation3"
              >
                <img
                  alt="Joe Diffie, an icon to many country fans for his string of No. 1 hits in the 1990s, has died from complications related to the coronavirus, a spokesperson revealed Sunday afternoon. He was 61. “Grammywinning country music legend Joe Diffie passed away today,…"
                  src="https://pmcvariety.files.wordpress.com/2020/03/shutterstock_editorial_10595814be1585342384562.jpg?w=700&h=393&crop=1"
                  width="100"
                />
              </div>
            </td>
            <td
              aria-label="Joe Diffie, an icon to many country fans for his string of No. 1 hits in the 1990s, has died from complications related to the coronavirus, a spokesperson revealed Sunday afternoon. He was 61. “Grammywinning country music legend Joe Diffie passed away today,… "
              class="MuiTableCell-root MuiTableCell-body MuiTableCell-alignLeft"
              title="Joe Diffie, an icon to many country fans for his string of No. 1 hits in the 1990s, has died from complications related to the coronavirus, a spokesperson revealed Sunday afternoon. He was 61. “Grammywinning country music legend Joe Diffie passed away today,… "
            >
              Joe Diffie, ’90s Country Music Star, Dies of Coronavirus at 61  Variety
            </td>
            <td
              class="MuiTableCell-root MuiTableCell-body MuiTableCell-alignLeft"
            >
              Chris Willman
            </td>
            <td
              class="MuiTableCell-root MuiTableCell-body MuiTableCell-alignCenter"
            >
              Mar 29 1:23p
            </td>
            <td
              class="MuiTableCell-root MuiTableCell-body MuiTableCell-alignCenter"
            >
               
              <button
                aria-label="Read More about Joe Diffie, an icon to many country fans for his string of No. 1 hits in the 1990s, has died from complications related to the coronavirus, a spokesperson revealed Sunday afternoon. He was 61. “Grammywinning country music legend Joe Diffie passed away today,…"
                class="MuiButtonBase-root MuiIconButton-root MuiIconButton-colorInherit"
                tabindex="0"
                type="button"
              >
                <span
                  class="MuiIconButton-label"
                >
                  <svg
                    aria-hidden="true"
                    class="MuiSvgIcon-root"
                    focusable="false"
                    viewBox="0 0 24 24"
                  >
                    <path
                      d="M14 2H6c-1.1 0-1.99.9-1.99 2L4 20c0 1.1.89 2 1.99 2H18c1.1 0 2-.9 2-2V8l-6-6zm2 16H8v-2h8v2zm0-4H8v-2h8v2zm-3-5V3.5L18.5 9H13z"
                    />
                  </svg>
                </span>
                <span
                  class="MuiTouchRipple-root"
                />
              </button>
            </td>
          </tr>
          <tr
            class="MuiTableRow-root"
          >
            <td
              class="MuiTableCell-root MuiTableCell-body MuiTableCell-alignCenter"
            >
              <div
                class="MuiPaper-root HeadlineImage MuiPaper-elevation3"
              >
                <img
                  alt="Instead of \\"complaining,\\" California Governor Gavin Newsom said \\"broken\\" ventilators were sent to a local company to be repaired."
                  src="https://i.insider.com/5e80ea242ff8395e140fed74?width=1200&format=jpeg"
                  width="100"
                />
              </div>
            </td>
            <td
              aria-label="Instead of \\"complaining,\\" California Governor Gavin Newsom said \\"broken\\" ventilators were sent to a local company to be repaired. "
              class="MuiTableCell-root MuiTableCell-body MuiTableCell-alignLeft"
              title="Instead of \\"complaining,\\" California Governor Gavin Newsom said \\"broken\\" ventilators were sent to a local company to be repaired. "
            >
              California Governor says US government sent 170 'broken' ventilators  Business Insider  Business Insider
            </td>
            <td
              class="MuiTableCell-root MuiTableCell-body MuiTableCell-alignLeft"
            >
              Paulina Cachero
            </td>
            <td
              class="MuiTableCell-root MuiTableCell-body MuiTableCell-alignCenter"
            >
              Mar 29 1:20p
            </td>
            <td
              class="MuiTableCell-root MuiTableCell-body MuiTableCell-alignCenter"
            >
               
              <button
                aria-label="Read More about Instead of \\"complaining,\\" California Governor Gavin Newsom said \\"broken\\" ventilators were sent to a local company to be repaired."
                class="MuiButtonBase-root MuiIconButton-root MuiIconButton-colorInherit"
                tabindex="0"
                type="button"
              >
                <span
                  class="MuiIconButton-label"
                >
                  <svg
                    aria-hidden="true"
                    class="MuiSvgIcon-root"
                    focusable="false"
                    viewBox="0 0 24 24"
                  >
                    <path
                      d="M14 2H6c-1.1 0-1.99.9-1.99 2L4 20c0 1.1.89 2 1.99 2H18c1.1 0 2-.9 2-2V8l-6-6zm2 16H8v-2h8v2zm0-4H8v-2h8v2zm-3-5V3.5L18.5 9H13z"
                    />
                  </svg>
                </span>
                <span
                  class="MuiTouchRipple-root"
                />
              </button>
            </td>
          </tr>
          <tr
            class="MuiTableRow-root"
          >
            <td
              class="MuiTableCell-root MuiTableCell-body MuiTableCell-alignCenter"
            >
              <div
                class="MuiPaper-root HeadlineImage MuiPaper-elevation3"
              >
                <img
                  alt="Lonnie David Franklin Jr., the Grim Sleeper serial killer, has died while on death row."
                  src="https://catimes.brightspotcdn.com/dims4/default/b45d109/2147483647/strip/true/crop/2048x1075+0+60/resize/1200x630!/quality/90/?url=https%3A%2F%2Fcaliforniatimesbrightspot.s3.amazonaws.com%2F0f%2Fcb%2Fd92c220d82ac39e912e022d42337%2Fla1470861964snapphoto"
                  width="100"
                />
              </div>
            </td>
            <td
              aria-label="Lonnie David Franklin Jr., the Grim Sleeper serial killer, has died while on death row. "
              class="MuiTableCell-root MuiTableCell-body MuiTableCell-alignLeft"
              title="Lonnie David Franklin Jr., the Grim Sleeper serial killer, has died while on death row. "
            >
              'Grim Sleeper' serial killer Lonnie Franklin dies on death row  Los Angeles Times
            </td>
            <td
              class="MuiTableCell-root MuiTableCell-body MuiTableCell-alignLeft"
            >
              Joseph Serna
            </td>
            <td
              class="MuiTableCell-root MuiTableCell-body MuiTableCell-alignCenter"
            >
              Mar 29 1:19p
            </td>
            <td
              class="MuiTableCell-root MuiTableCell-body MuiTableCell-alignCenter"
            >
               
              <button
                aria-label="Read More about Lonnie David Franklin Jr., the Grim Sleeper serial killer, has died while on death row."
                class="MuiButtonBase-root MuiIconButton-root MuiIconButton-colorInherit"
                tabindex="0"
                type="button"
              >
                <span
                  class="MuiIconButton-label"
                >
                  <svg
                    aria-hidden="true"
                    class="MuiSvgIcon-root"
                    focusable="false"
                    viewBox="0 0 24 24"
                  >
                    <path
                      d="M14 2H6c-1.1 0-1.99.9-1.99 2L4 20c0 1.1.89 2 1.99 2H18c1.1 0 2-.9 2-2V8l-6-6zm2 16H8v-2h8v2zm0-4H8v-2h8v2zm-3-5V3.5L18.5 9H13z"
                    />
                  </svg>
                </span>
                <span
                  class="MuiTouchRipple-root"
                />
              </button>
            </td>
          </tr>
          <tr
            class="MuiTableRow-root"
          >
            <td
              class="MuiTableCell-root MuiTableCell-body MuiTableCell-alignCenter"
            >
              <div
                class="MuiPaper-root HeadlineImage MuiPaper-elevation3"
              >
                <img
                  alt="President Trump on Sunday didn't offer the warmest greeting to Prince Harry and Meghan Markle amid reports that they had relocated from Canada to the U.S."
                  src="https://static.foxnews.com/foxnews.com/content/uploads/2020/03/PrinceHarryMeghanTrump_AP.jpg"
                  width="100"
                />
              </div>
            </td>
            <td
              aria-label="President Trump on Sunday didn't offer the warmest greeting to Prince Harry and Meghan Markle amid reports that they had relocated from Canada to the U.S. "
              class="MuiTableCell-root MuiTableCell-body MuiTableCell-alignLeft"
              title="President Trump on Sunday didn't offer the warmest greeting to Prince Harry and Meghan Markle amid reports that they had relocated from Canada to the U.S. "
            >
              Trump tells Prince Harry, Meghan Markle 'they must pay' for security amid reported move to US  Fox News
            </td>
            <td
              class="MuiTableCell-root MuiTableCell-body MuiTableCell-alignLeft"
            >
              Joseph Wulfsohn
            </td>
            <td
              class="MuiTableCell-root MuiTableCell-body MuiTableCell-alignCenter"
            >
              Mar 29 1:02p
            </td>
            <td
              class="MuiTableCell-root MuiTableCell-body MuiTableCell-alignCenter"
            >
               
              <button
                aria-label="Read More about President Trump on Sunday didn't offer the warmest greeting to Prince Harry and Meghan Markle amid reports that they had relocated from Canada to the U.S."
                class="MuiButtonBase-root MuiIconButton-root MuiIconButton-colorInherit"
                tabindex="0"
                type="button"
              >
                <span
                  class="MuiIconButton-label"
                >
                  <svg
                    aria-hidden="true"
                    class="MuiSvgIcon-root"
                    focusable="false"
                    viewBox="0 0 24 24"
                  >
                    <path
                      d="M14 2H6c-1.1 0-1.99.9-1.99 2L4 20c0 1.1.89 2 1.99 2H18c1.1 0 2-.9 2-2V8l-6-6zm2 16H8v-2h8v2zm0-4H8v-2h8v2zm-3-5V3.5L18.5 9H13z"
                    />
                  </svg>
                </span>
                <span
                  class="MuiTouchRipple-root"
                />
              </button>
            </td>
          </tr>
          <tr
            class="MuiTableRow-root"
          >
            <td
              class="MuiTableCell-root MuiTableCell-body MuiTableCell-alignCenter"
            >
              <div
                class="MuiPaper-root HeadlineImage MuiPaper-elevation3"
              >
                <img
                  alt="CBS News is mourning Maria Mercader, a longtime journalist with the network who died in a New York hospital after battling coronavirus. She was 54."
                  src="https://www.gannettcdn.com/presto/2020/03/29/USAT/73c680977b194cdd800bb7019c90ac0aimage002.png?crop=954,537,x0,y128&width=1600&height=800&fit=bounds"
                  width="100"
                />
              </div>
            </td>
            <td
              aria-label="CBS News is mourning Maria Mercader, a longtime journalist with the network who died in a New York hospital after battling coronavirus. She was 54. "
              class="MuiTableCell-root MuiTableCell-body MuiTableCell-alignLeft"
              title="CBS News is mourning Maria Mercader, a longtime journalist with the network who died in a New York hospital after battling coronavirus. She was 54. "
            >
              CBS mourns longtime journalist Maria Mercader, who died at 54 from coronavirus  USA TODAY
            </td>
            <td
              class="MuiTableCell-root MuiTableCell-body MuiTableCell-alignLeft"
            >
              Hannah Yasharoff
            </td>
            <td
              class="MuiTableCell-root MuiTableCell-body MuiTableCell-alignCenter"
            >
              Mar 29 12:50p
            </td>
            <td
              class="MuiTableCell-root MuiTableCell-body MuiTableCell-alignCenter"
            >
               
              <button
                aria-label="Read More about CBS News is mourning Maria Mercader, a longtime journalist with the network who died in a New York hospital after battling coronavirus. She was 54."
                class="MuiButtonBase-root MuiIconButton-root MuiIconButton-colorInherit"
                tabindex="0"
                type="button"
              >
                <span
                  class="MuiIconButton-label"
                >
                  <svg
                    aria-hidden="true"
                    class="MuiSvgIcon-root"
                    focusable="false"
                    viewBox="0 0 24 24"
                  >
                    <path
                      d="M14 2H6c-1.1 0-1.99.9-1.99 2L4 20c0 1.1.89 2 1.99 2H18c1.1 0 2-.9 2-2V8l-6-6zm2 16H8v-2h8v2zm0-4H8v-2h8v2zm-3-5V3.5L18.5 9H13z"
                    />
                  </svg>
                </span>
                <span
                  class="MuiTouchRipple-root"
                />
              </button>
            </td>
          </tr>
          <tr
            class="MuiTableRow-root"
          >
            <td
              class="MuiTableCell-root MuiTableCell-body MuiTableCell-alignCenter"
            >
              <div
                class="MuiPaper-root HeadlineImage MuiPaper-elevation3"
              >
                <img
                  alt="A man in his 90s passed away at the Pleasant View Nursing Home in Carroll County and 11 other residents have been taken to two local hospitals, Carroll County officials announced Sunday."
                  src="https://www.baltimoresun.com/resizer/SL2D_CPpYuFJWhLlBNkXRAV5mN0=/1200x0/top/arcanglerfisharc2prodtronc.s3.amazonaws.com/public/566WM3P3CJCMPOS4EQFFGVRINE.jpg"
                  width="100"
                />
              </div>
            </td>
            <td
              aria-label="A man in his 90s passed away at the Pleasant View Nursing Home in Carroll County and 11 other residents have been taken to two local hospitals, Carroll County officials announced Sunday. "
              class="MuiTableCell-root MuiTableCell-body MuiTableCell-alignLeft"
              title="A man in his 90s passed away at the Pleasant View Nursing Home in Carroll County and 11 other residents have been taken to two local hospitals, Carroll County officials announced Sunday. "
            >
              Man in his 90s dies of coronavirus after outbreak at Mount Airy nursing home, Carroll Co. officials say  Baltimore Sun
            </td>
            <td
              class="MuiTableCell-root MuiTableCell-body MuiTableCell-alignLeft"
            >
              Jessica Anderson
            </td>
            <td
              class="MuiTableCell-root MuiTableCell-body MuiTableCell-alignCenter"
            >
              Mar 29 12:40p
            </td>
            <td
              class="MuiTableCell-root MuiTableCell-body MuiTableCell-alignCenter"
            >
               
              <button
                aria-label="Read More about A man in his 90s passed away at the Pleasant View Nursing Home in Carroll County and 11 other residents have been taken to two local hospitals, Carroll County officials announced Sunday."
                class="MuiButtonBase-root MuiIconButton-root MuiIconButton-colorInherit"
                tabindex="0"
                type="button"
              >
                <span
                  class="MuiIconButton-label"
                >
                  <svg
                    aria-hidden="true"
                    class="MuiSvgIcon-root"
                    focusable="false"
                    viewBox="0 0 24 24"
                  >
                    <path
                      d="M14 2H6c-1.1 0-1.99.9-1.99 2L4 20c0 1.1.89 2 1.99 2H18c1.1 0 2-.9 2-2V8l-6-6zm2 16H8v-2h8v2zm0-4H8v-2h8v2zm-3-5V3.5L18.5 9H13z"
                    />
                  </svg>
                </span>
                <span
                  class="MuiTouchRipple-root"
                />
              </button>
            </td>
          </tr>
          <tr
            class="MuiTableRow-root"
          >
            <td
              class="MuiTableCell-root MuiTableCell-body MuiTableCell-alignCenter"
            >
              <div
                class="MuiPaper-root HeadlineImage MuiPaper-elevation3"
              >
                <img
                  alt="Southeast Michigan mall owner Taubman Centers is requiring its tenants to pay rent during the coronavirus (COVID19) pandemic, according to a memo obtained by CNBC."
                  src="https://www.clickondetroit.com/resizer/ZKvl56QaaN0o6KhyAgdfKyobW7s=/1600x713/smart/filters:format(jpeg):strip_exif(true):strip_icc(true):no_upscale(true):quality(65)/arcanglerfisharc2prodgmg.s3.amazonaws.com/public/7KQRDVRS7ZE5FO5QDOVWVQ36NI.jpg"
                  width="100"
                />
              </div>
            </td>
            <td
              aria-label="Southeast Michigan mall owner Taubman Centers is requiring its tenants to pay rent during the coronavirus (COVID19) pandemic, according to a memo obtained by CNBC. "
              class="MuiTableCell-root MuiTableCell-body MuiTableCell-alignLeft"
              title="Southeast Michigan mall owner Taubman Centers is requiring its tenants to pay rent during the coronavirus (COVID19) pandemic, according to a memo obtained by CNBC. "
            >
              Southeast Michigan mall owner Taubman requires tenants to pay rent amid closures  WDIV ClickOnDetroit
            </td>
            <td
              class="MuiTableCell-root MuiTableCell-body MuiTableCell-alignLeft"
            >
              Cassidy Johncox
            </td>
            <td
              class="MuiTableCell-root MuiTableCell-body MuiTableCell-alignCenter"
            >
              Mar 29 12:33p
            </td>
            <td
              class="MuiTableCell-root MuiTableCell-body MuiTableCell-alignCenter"
            >
               
              <button
                aria-label="Read More about Southeast Michigan mall owner Taubman Centers is requiring its tenants to pay rent during the coronavirus (COVID19) pandemic, according to a memo obtained by CNBC."
                class="MuiButtonBase-root MuiIconButton-root MuiIconButton-colorInherit"
                tabindex="0"
                type="button"
              >
                <span
                  class="MuiIconButton-label"
                >
                  <svg
                    aria-hidden="true"
                    class="MuiSvgIcon-root"
                    focusable="false"
                    viewBox="0 0 24 24"
                  >
                    <path
                      d="M14 2H6c-1.1 0-1.99.9-1.99 2L4 20c0 1.1.89 2 1.99 2H18c1.1 0 2-.9 2-2V8l-6-6zm2 16H8v-2h8v2zm0-4H8v-2h8v2zm-3-5V3.5L18.5 9H13z"
                    />
                  </svg>
                </span>
                <span
                  class="MuiTouchRipple-root"
                />
              </button>
            </td>
          </tr>
          <tr
            class="MuiTableRow-root"
          >
            <td
              class="MuiTableCell-root MuiTableCell-body MuiTableCell-alignCenter"
            >
              <div
                class="MuiPaper-root HeadlineImage MuiPaper-elevation3"
              >
                <img
                  alt="President Trump touted the skyhigh ratings of his White House coronavirus briefings — claiming they are driving the media “crazy” — as he reminded his millions of Twitter f…"
                  src="https://thenypost.files.wordpress.com/2020/03/trumpreturnse1585509433834.jpg?quality=90&strip=all&w=1200"
                  width="100"
                />
              </div>
            </td>
            <td
              aria-label="President Trump touted the skyhigh ratings of his White House coronavirus briefings — claiming they are driving the media “crazy” — as he reminded his millions of Twitter f… "
              class="MuiTableCell-root MuiTableCell-body MuiTableCell-alignLeft"
              title="President Trump touted the skyhigh ratings of his White House coronavirus briefings — claiming they are driving the media “crazy” — as he reminded his millions of Twitter f… "
            >
              Trump boasts White House briefing ratings in attack of 'Lamestream Media'  New York Post 
            </td>
            <td
              class="MuiTableCell-root MuiTableCell-body MuiTableCell-alignLeft"
            >
              Mark Moore
            </td>
            <td
              class="MuiTableCell-root MuiTableCell-body MuiTableCell-alignCenter"
            >
              Mar 29 12:32p
            </td>
            <td
              class="MuiTableCell-root MuiTableCell-body MuiTableCell-alignCenter"
            >
               
              <button
                aria-label="Read More about President Trump touted the skyhigh ratings of his White House coronavirus briefings — claiming they are driving the media “crazy” — as he reminded his millions of Twitter f…"
                class="MuiButtonBase-root MuiIconButton-root MuiIconButton-colorInherit"
                tabindex="0"
                type="button"
              >
                <span
                  class="MuiIconButton-label"
                >
                  <svg
                    aria-hidden="true"
                    class="MuiSvgIcon-root"
                    focusable="false"
                    viewBox="0 0 24 24"
                  >
                    <path
                      d="M14 2H6c-1.1 0-1.99.9-1.99 2L4 20c0 1.1.89 2 1.99 2H18c1.1 0 2-.9 2-2V8l-6-6zm2 16H8v-2h8v2zm0-4H8v-2h8v2zm-3-5V3.5L18.5 9H13z"
                    />
                  </svg>
                </span>
                <span
                  class="MuiTouchRipple-root"
                />
              </button>
            </td>
          </tr>
          <tr
            class="MuiTableRow-root"
          >
            <td
              class="MuiTableCell-root MuiTableCell-body MuiTableCell-alignCenter"
            >
              <div
                class="MuiPaper-root HeadlineImage MuiPaper-elevation3"
              >
                <img
                  alt="The tornado injured at least 22 people and caused extensive damage to many properties. Officials attribute the relatively low number of casualties in part to social distancing and business shutdowns."
                  src="https://media.npr.org/assets/img/2020/03/29/rts37i36_wide25894d20dde4a141b4f6e5541ff23a4a063ac802.jpg?s=1400"
                  width="100"
                />
              </div>
            </td>
            <td
              aria-label="The tornado injured at least 22 people and caused extensive damage to many properties. Officials attribute the relatively low number of casualties in part to social distancing and business shutdowns. "
              class="MuiTableCell-root MuiTableCell-body MuiTableCell-alignLeft"
              title="The tornado injured at least 22 people and caused extensive damage to many properties. Officials attribute the relatively low number of casualties in part to social distancing and business shutdowns. "
            >
              Coronavirus Closures Helped Jonesboro Avoid Deaths, More Injuries From Tornado  Getaka.co.in
            </td>
            <td
              class="MuiTableCell-root MuiTableCell-body MuiTableCell-alignLeft"
            />
            <td
              class="MuiTableCell-root MuiTableCell-body MuiTableCell-alignCenter"
            >
              Mar 29 12:29p
            </td>
            <td
              class="MuiTableCell-root MuiTableCell-body MuiTableCell-alignCenter"
            >
               
              <button
                aria-label="Read More about The tornado injured at least 22 people and caused extensive damage to many properties. Officials attribute the relatively low number of casualties in part to social distancing and business shutdowns."
                class="MuiButtonBase-root MuiIconButton-root MuiIconButton-colorInherit"
                tabindex="0"
                type="button"
              >
                <span
                  class="MuiIconButton-label"
                >
                  <svg
                    aria-hidden="true"
                    class="MuiSvgIcon-root"
                    focusable="false"
                    viewBox="0 0 24 24"
                  >
                    <path
                      d="M14 2H6c-1.1 0-1.99.9-1.99 2L4 20c0 1.1.89 2 1.99 2H18c1.1 0 2-.9 2-2V8l-6-6zm2 16H8v-2h8v2zm0-4H8v-2h8v2zm-3-5V3.5L18.5 9H13z"
                    />
                  </svg>
                </span>
                <span
                  class="MuiTouchRipple-root"
                />
              </button>
            </td>
          </tr>
          <tr
            class="MuiTableRow-root"
          >
            <td
              class="MuiTableCell-root MuiTableCell-body MuiTableCell-alignCenter"
            >
              <div
                class="MuiPaper-root HeadlineImage MuiPaper-elevation3"
              >
                <img
                  alt="A pair of leaks shows renders for the upcoming OnePlus 8 series that include a slate of new colors, including Interstellar Glow, Glacial Green and Onyx Black."
                  src="https://cdn.voxcdn.com/thumbor/YgypLqT1KAj4lyO_Rf6ZfJf3T0Y=/0x271:1257x929/fitin/1200x630/cdn.voxcdn.com/uploads/chorus_asset/file/19857125/oneplus_interstellar_glow.png"
                  width="100"
                />
              </div>
            </td>
            <td
              aria-label="A pair of leaks shows renders for the upcoming OnePlus 8 series that include a slate of new colors, including Interstellar Glow, Glacial Green and Onyx Black. "
              class="MuiTableCell-root MuiTableCell-body MuiTableCell-alignLeft"
              title="A pair of leaks shows renders for the upcoming OnePlus 8 series that include a slate of new colors, including Interstellar Glow, Glacial Green and Onyx Black. "
            >
              Latest OnePlus 8 leaks reveal “Interstellar Glow” and other colors  The Verge
            </td>
            <td
              class="MuiTableCell-root MuiTableCell-body MuiTableCell-alignLeft"
            >
              Kim Lyons
            </td>
            <td
              class="MuiTableCell-root MuiTableCell-body MuiTableCell-alignCenter"
            >
              Mar 29 12:15p
            </td>
            <td
              class="MuiTableCell-root MuiTableCell-body MuiTableCell-alignCenter"
            >
               
              <button
                aria-label="Read More about A pair of leaks shows renders for the upcoming OnePlus 8 series that include a slate of new colors, including Interstellar Glow, Glacial Green and Onyx Black."
                class="MuiButtonBase-root MuiIconButton-root MuiIconButton-colorInherit"
                tabindex="0"
                type="button"
              >
                <span
                  class="MuiIconButton-label"
                >
                  <svg
                    aria-hidden="true"
                    class="MuiSvgIcon-root"
                    focusable="false"
                    viewBox="0 0 24 24"
                  >
                    <path
                      d="M14 2H6c-1.1 0-1.99.9-1.99 2L4 20c0 1.1.89 2 1.99 2H18c1.1 0 2-.9 2-2V8l-6-6zm2 16H8v-2h8v2zm0-4H8v-2h8v2zm-3-5V3.5L18.5 9H13z"
                    />
                  </svg>
                </span>
                <span
                  class="MuiTouchRipple-root"
                />
              </button>
            </td>
          </tr>
          <tr
            class="MuiTableRow-root"
          >
            <td
              class="MuiTableCell-root MuiTableCell-body MuiTableCell-alignCenter"
            >
              <div
                class="MuiPaper-root HeadlineImage MuiPaper-elevation3"
              >
                <img
                  alt="The Lions add another target for Stafford"
                  src="https://sportshub.cbsistatic.com/i/r/2019/11/11/f94416e8080c4920822606d800868d8a/thumbnail/1200x675/e64926da2c8ddc49a56092305ff601d0/geronimoallisonpackers.jpg"
                  width="100"
                />
              </div>
            </td>
            <td
              aria-label="The Lions add another target for Stafford "
              class="MuiTableCell-root MuiTableCell-body MuiTableCell-alignLeft"
              title="The Lions add another target for Stafford "
            >
              Lions agree to terms with former Packers wide receiver Geronimo Allison, per report  CBS Sports
            </td>
            <td
              class="MuiTableCell-root MuiTableCell-body MuiTableCell-alignLeft"
            />
            <td
              class="MuiTableCell-root MuiTableCell-body MuiTableCell-alignCenter"
            >
              Mar 29 12:08p
            </td>
            <td
              class="MuiTableCell-root MuiTableCell-body MuiTableCell-alignCenter"
            >
               
              <button
                aria-label="Read More about The Lions add another target for Stafford"
                class="MuiButtonBase-root MuiIconButton-root MuiIconButton-colorInherit"
                tabindex="0"
                type="button"
              >
                <span
                  class="MuiIconButton-label"
                >
                  <svg
                    aria-hidden="true"
                    class="MuiSvgIcon-root"
                    focusable="false"
                    viewBox="0 0 24 24"
                  >
                    <path
                      d="M14 2H6c-1.1 0-1.99.9-1.99 2L4 20c0 1.1.89 2 1.99 2H18c1.1 0 2-.9 2-2V8l-6-6zm2 16H8v-2h8v2zm0-4H8v-2h8v2zm-3-5V3.5L18.5 9H13z"
                    />
                  </svg>
                </span>
                <span
                  class="MuiTouchRipple-root"
                />
              </button>
            </td>
          </tr>
          <tr
            class="MuiTableRow-root"
          >
            <td
              class="MuiTableCell-root MuiTableCell-body MuiTableCell-alignCenter"
            >
              <div
                class="MuiPaper-root HeadlineImage MuiPaper-elevation3"
              >
                <img
                  alt="As Trump considers easing social distancing guidelines, health expert Anthony Fauci says millions will contract coronavirus, up to 200,000 may die."
                  src="https://www.gannettcdn.com/presto/2020/03/26/USAT/82abd153aadd4ca89c6bed6882f2fe5aAP20085826579663.jpg?crop=4251,2392,x0,y425&width=3200&height=1680&fit=bounds"
                  width="100"
                />
              </div>
            </td>
            <td
              aria-label="As Trump considers easing social distancing guidelines, health expert Anthony Fauci says millions will contract coronavirus, up to 200,000 may die. "
              class="MuiTableCell-root MuiTableCell-body MuiTableCell-alignLeft"
              title="As Trump considers easing social distancing guidelines, health expert Anthony Fauci says millions will contract coronavirus, up to 200,000 may die. "
            >
              Fauci predicts up to 200,000 U.S. deaths as Trump weighs adjusting coronavirus guidelines. Here is what you should know.  USA TODAY
            </td>
            <td
              class="MuiTableCell-root MuiTableCell-body MuiTableCell-alignLeft"
            >
              John Fritze
            </td>
            <td
              class="MuiTableCell-root MuiTableCell-body MuiTableCell-alignCenter"
            >
              Mar 29 11:53a
            </td>
            <td
              class="MuiTableCell-root MuiTableCell-body MuiTableCell-alignCenter"
            >
               
              <button
                aria-label="Read More about As Trump considers easing social distancing guidelines, health expert Anthony Fauci says millions will contract coronavirus, up to 200,000 may die."
                class="MuiButtonBase-root MuiIconButton-root MuiIconButton-colorInherit"
                tabindex="0"
                type="button"
              >
                <span
                  class="MuiIconButton-label"
                >
                  <svg
                    aria-hidden="true"
                    class="MuiSvgIcon-root"
                    focusable="false"
                    viewBox="0 0 24 24"
                  >
                    <path
                      d="M14 2H6c-1.1 0-1.99.9-1.99 2L4 20c0 1.1.89 2 1.99 2H18c1.1 0 2-.9 2-2V8l-6-6zm2 16H8v-2h8v2zm0-4H8v-2h8v2zm-3-5V3.5L18.5 9H13z"
                    />
                  </svg>
                </span>
                <span
                  class="MuiTouchRipple-root"
                />
              </button>
            </td>
          </tr>
          <tr
            class="MuiTableRow-root"
          >
            <td
              class="MuiTableCell-root MuiTableCell-body MuiTableCell-alignCenter"
            >
              <div
                class="MuiPaper-root HeadlineImage MuiPaper-elevation3"
              >
                <img
                  alt="After years of belttightening, staterun health service will be tested, but experts say it has some advantages over its U.S. counterpart"
                  src="https://images.wsj.net/im169494/social"
                  width="100"
                />
              </div>
            </td>
            <td
              aria-label="After years of belttightening, staterun health service will be tested, but experts say it has some advantages over its U.S. counterpart "
              class="MuiTableCell-root MuiTableCell-body MuiTableCell-alignLeft"
              title="After years of belttightening, staterun health service will be tested, but experts say it has some advantages over its U.S. counterpart "
            >
              Britain’s Creaking National Health System Gears Up for Coronavirus Crisis  The Wall Street Journal
            </td>
            <td
              class="MuiTableCell-root MuiTableCell-body MuiTableCell-alignLeft"
            >
              Max Colchester, Alistair MacDonald
            </td>
            <td
              class="MuiTableCell-root MuiTableCell-body MuiTableCell-alignCenter"
            >
              Mar 29 11:35a
            </td>
            <td
              class="MuiTableCell-root MuiTableCell-body MuiTableCell-alignCenter"
            >
               
              <button
                aria-label="Read More about After years of belttightening, staterun health service will be tested, but experts say it has some advantages over its U.S. counterpart"
                class="MuiButtonBase-root MuiIconButton-root MuiIconButton-colorInherit"
                tabindex="0"
                type="button"
              >
                <span
                  class="MuiIconButton-label"
                >
                  <svg
                    aria-hidden="true"
                    class="MuiSvgIcon-root"
                    focusable="false"
                    viewBox="0 0 24 24"
                  >
                    <path
                      d="M14 2H6c-1.1 0-1.99.9-1.99 2L4 20c0 1.1.89 2 1.99 2H18c1.1 0 2-.9 2-2V8l-6-6zm2 16H8v-2h8v2zm0-4H8v-2h8v2zm-3-5V3.5L18.5 9H13z"
                    />
                  </svg>
                </span>
                <span
                  class="MuiTouchRipple-root"
                />
              </button>
            </td>
          </tr>
          <tr
            class="MuiTableRow-root"
          >
            <td
              class="MuiTableCell-root MuiTableCell-body MuiTableCell-alignCenter"
            >
              <div
                class="MuiPaper-root HeadlineImage MuiPaper-elevation3"
              >
                <img
                  alt="Pop culture is a big part of Jeremy Raymer’s art, and he knows the value of having a finger on the pulse of the cultural zeitgeist. So when a friend mentioned the old tiger’s head, painted on a wall near the intersection of Moultrie Street and Tustin Street b…"
                  src="https://triblive.com/wpcontent/uploads/2020/03/2508315_web1_ptrTigerKing2033020.jpg"
                  width="100"
                />
              </div>
            </td>
            <td
              aria-label="Pop culture is a big part of Jeremy Raymer’s art, and he knows the value of having a finger on the pulse of the cultural zeitgeist. So when a friend mentioned the old tiger’s head, painted on a wall near the intersection of Moultrie Street and Tustin Street b… "
              class="MuiTableCell-root MuiTableCell-body MuiTableCell-alignLeft"
              title="Pop culture is a big part of Jeremy Raymer’s art, and he knows the value of having a finger on the pulse of the cultural zeitgeist. So when a friend mentioned the old tiger’s head, painted on a wall near the intersection of Moultrie Street and Tustin Street b… "
            >
              Artist transforms Uptown tiger into 'Tiger King' portrait of Joe Exotic  TribLIVE
            </td>
            <td
              class="MuiTableCell-root MuiTableCell-body MuiTableCell-alignLeft"
            >
              Patrick Varine
            </td>
            <td
              class="MuiTableCell-root MuiTableCell-body MuiTableCell-alignCenter"
            >
              Mar 29 11:29a
            </td>
            <td
              class="MuiTableCell-root MuiTableCell-body MuiTableCell-alignCenter"
            >
               
              <button
                aria-label="Read More about Pop culture is a big part of Jeremy Raymer’s art, and he knows the value of having a finger on the pulse of the cultural zeitgeist. So when a friend mentioned the old tiger’s head, painted on a wall near the intersection of Moultrie Street and Tustin Street b…"
                class="MuiButtonBase-root MuiIconButton-root MuiIconButton-colorInherit"
                tabindex="0"
                type="button"
              >
                <span
                  class="MuiIconButton-label"
                >
                  <svg
                    aria-hidden="true"
                    class="MuiSvgIcon-root"
                    focusable="false"
                    viewBox="0 0 24 24"
                  >
                    <path
                      d="M14 2H6c-1.1 0-1.99.9-1.99 2L4 20c0 1.1.89 2 1.99 2H18c1.1 0 2-.9 2-2V8l-6-6zm2 16H8v-2h8v2zm0-4H8v-2h8v2zm-3-5V3.5L18.5 9H13z"
                    />
                  </svg>
                </span>
                <span
                  class="MuiTouchRipple-root"
                />
              </button>
            </td>
          </tr>
          <tr
            class="MuiTableRow-root"
          >
            <td
              class="MuiTableCell-root MuiTableCell-body MuiTableCell-alignCenter"
            >
              <div
                class="MuiPaper-root HeadlineImage MuiPaper-elevation3"
              >
                <img
                  alt="Some aspects of edge computing have been overhyped, while others have gone under the radar. Here's a look at what's most important."
                  src="https://venturebeat.com/wpcontent/uploads/2020/03/edge.jpg?w=1200&strip=all"
                  width="100"
                />
              </div>
            </td>
            <td
              aria-label="Some aspects of edge computing have been overhyped, while others have gone under the radar. Here's a look at what's most important. "
              class="MuiTableCell-root MuiTableCell-body MuiTableCell-alignLeft"
              title="Some aspects of edge computing have been overhyped, while others have gone under the radar. Here's a look at what's most important. "
            >
              4 things you need to understand about edge computing  VentureBeat
            </td>
            <td
              class="MuiTableCell-root MuiTableCell-body MuiTableCell-alignLeft"
            >
              James Falkoff, Converge
            </td>
            <td
              class="MuiTableCell-root MuiTableCell-body MuiTableCell-alignCenter"
            >
              Mar 29 10:29a
            </td>
            <td
              class="MuiTableCell-root MuiTableCell-body MuiTableCell-alignCenter"
            >
               
              <button
                aria-label="Read More about Some aspects of edge computing have been overhyped, while others have gone under the radar. Here's a look at what's most important."
                class="MuiButtonBase-root MuiIconButton-root MuiIconButton-colorInherit"
                tabindex="0"
                type="button"
              >
                <span
                  class="MuiIconButton-label"
                >
                  <svg
                    aria-hidden="true"
                    class="MuiSvgIcon-root"
                    focusable="false"
                    viewBox="0 0 24 24"
                  >
                    <path
                      d="M14 2H6c-1.1 0-1.99.9-1.99 2L4 20c0 1.1.89 2 1.99 2H18c1.1 0 2-.9 2-2V8l-6-6zm2 16H8v-2h8v2zm0-4H8v-2h8v2zm-3-5V3.5L18.5 9H13z"
                    />
                  </svg>
                </span>
                <span
                  class="MuiTouchRipple-root"
                />
              </button>
            </td>
          </tr>
        </tbody>
      </table>
    </div>
     
  </div>
</DocumentFragment>
`;
